// Jest Snapshot v1, https://goo.gl/fbAQLP

exports[`configs matches snapshot 1`] = `
Object {
  "recommended": Object {
    "plugins": Array [
      "@jdb8/eslint-plugin-monorepo",
    ],
    "rules": Object {
      "@jdb8/monorepo/no-internal-import": "error",
      "@jdb8/monorepo/no-relative-import": "error",
    },
  },
}
`;
